<?xml version="1.0" encoding="UTF-8"?>
<TestRun id="318ddca8-5d99-4f32-b110-9bde586ac324" name="Roxane@ROXANE-PC 2015-11-22 19:20:28" runUser="Roxane-PC\Roxane" xmlns="http://microsoft.com/schemas/VisualStudio/TeamTest/2010">
  <TestSettings name="Local" id="70a57d12-4034-45c1-85d5-2c175430aa23">
    <Description>These are default test settings for a local test run.</Description>
    <Deployment enabled="false" runDeploymentRoot="Roxane_ROXANE-PC 2015-11-22 19_20_28">
      <DeploymentItem filename="C:\Users\Roxane\Documents\PI_Mars\cs_form\Mars\Mars\bin\Debug\Mars.exe" />
    </Deployment>
    <Execution>
      <TestTypeSpecific />
      <AgentRule name="Execution Agents">
      </AgentRule>
    </Execution>
  </TestSettings>
  <Times creation="2015-11-22T19:20:28.3639746+01:00" queuing="2015-11-22T19:20:29.7053640+01:00" start="2015-11-22T19:20:29.7493940+01:00" finish="2015-11-22T19:20:30.2497279+01:00" />
  <ResultSummary outcome="Completed">
    <Counters total="1" executed="1" passed="1" error="0" failed="0" timeout="0" aborted="0" inconclusive="0" passedButRunAborted="0" notRunnable="0" notExecuted="0" disconnected="0" warning="0" completed="0" inProgress="0" pending="0" />
  </ResultSummary>
  <TestDefinitions>
    <UnitTest name="rmActivityTest1" storage="c:\users\roxane\documents\pi_mars\cs_form\mars\testproject1\bin\debug\testproject1.dll" id="b92d0a91-6e4a-2cb2-7dd0-5eaa20d9f9db">
      <Execution id="6cf469d4-c586-4394-9ab1-cfab94c23902" />
      <TestMethod codeBase="C:/Users/Roxane/Documents/PI_Mars/cs_form/Mars/TestProject1/bin/Debug/TestProject1.DLL" adapterTypeName="Microsoft.VisualStudio.TestTools.TestTypes.Unit.UnitTestAdapter, Microsoft.VisualStudio.QualityTools.Tips.UnitTest.Adapter, Version=10.0.0.0, Culture=neutral, PublicKeyToken=b03f5f7f11d50a3a" className="TestProject1.DayTest, TestProject1, Version=1.0.0.0, Culture=neutral, PublicKeyToken=null" name="rmActivityTest1" />
    </UnitTest>
  </TestDefinitions>
  <TestLists>
    <TestList name="Results Not in a List" id="8c84fa94-04c1-424b-9868-57a2d4851a1d" />
    <TestList name="All Loaded Results" id="19431567-8539-422a-85d7-44ee4e166bda" />
  </TestLists>
  <TestEntries>
    <TestEntry testId="b92d0a91-6e4a-2cb2-7dd0-5eaa20d9f9db" executionId="6cf469d4-c586-4394-9ab1-cfab94c23902" testListId="8c84fa94-04c1-424b-9868-57a2d4851a1d" />
  </TestEntries>
  <Results>
    <UnitTestResult executionId="6cf469d4-c586-4394-9ab1-cfab94c23902" testId="b92d0a91-6e4a-2cb2-7dd0-5eaa20d9f9db" testName="rmActivityTest1" computerName="ROXANE-PC" duration="00:00:00.0275249" startTime="2015-11-22T19:20:29.7614020+01:00" endTime="2015-11-22T19:20:30.1536631+01:00" testType="13cdc9d9-ddb5-4fa4-a97d-d965ccfc6d4b" outcome="Passed" testListId="8c84fa94-04c1-424b-9868-57a2d4851a1d" relativeResultsDirectory="6cf469d4-c586-4394-9ab1-cfab94c23902">
    </UnitTestResult>
  </Results>
</TestRun>